2025-11-23T08:09:26+00:00 DEBUG tt4b_product_delete: missing access token for tt4b_product_sync
2025-11-23T08:17:45+00:00 DEBUG tt4b_product_delete: missing access token for tt4b_product_sync
2025-11-23T09:00:51+00:00 DEBUG tt4b_product_delete: missing access token for tt4b_product_sync
2025-11-23T09:00:51+00:00 DEBUG tt4b_product_delete: missing access token for tt4b_product_sync
2025-11-23T09:22:27+00:00 DEBUG tt4b_product_delete: missing access token for tt4b_product_sync
2025-11-23T10:56:19+00:00 DEBUG tt4b_product_delete: missing access token for tt4b_product_sync
2025-11-23T11:13:40+00:00 DEBUG tt4b_product_delete: missing access token for tt4b_product_sync
2025-11-23T11:19:07+00:00 DEBUG tt4b_product_delete: missing access token for tt4b_product_sync
2025-11-23T12:31:29+00:00 DEBUG tt4b_product_delete: missing access token for tt4b_product_sync
2025-11-23T12:38:52+00:00 DEBUG tt4b_product_delete: missing access token for tt4b_product_sync
2025-11-23T12:43:30+00:00 DEBUG tt4b_product_delete: missing access token for tt4b_product_sync
2025-11-23T12:45:54+00:00 DEBUG tt4b_product_delete: missing access token for tt4b_product_sync
2025-11-23T13:07:24+00:00 DEBUG tt4b_product_delete: missing access token for tt4b_product_sync
2025-11-23T13:07:24+00:00 DEBUG tt4b_product_delete: missing access token for tt4b_product_sync
2025-11-23T13:07:24+00:00 DEBUG tt4b_product_delete: missing access token for tt4b_product_sync
2025-11-23T16:07:42+00:00 DEBUG tt4b_product_delete: missing access token for tt4b_product_sync
2025-11-23T16:07:42+00:00 DEBUG tt4b_product_delete: missing access token for tt4b_product_sync
2025-11-23T16:07:42+00:00 DEBUG tt4b_product_delete: missing access token for tt4b_product_sync
2025-11-23T16:07:42+00:00 DEBUG tt4b_product_delete: missing access token for tt4b_product_sync
2025-11-23T16:07:43+00:00 DEBUG tt4b_product_delete: missing access token for tt4b_product_sync
2025-11-23T16:07:43+00:00 DEBUG tt4b_product_delete: missing access token for tt4b_product_sync
2025-11-23T16:08:02+00:00 DEBUG tt4b_product_delete: missing access token for tt4b_product_sync
2025-11-23T16:38:55+00:00 DEBUG Tt4b_Pixel_Class::inject_add_to_cart_event: hit AddToCart
2025-11-23T16:38:55+00:00 DEBUG Tt4b_Pixel_Class::inject_add_to_cart_event: Missing option "access_token"
2025-11-23T16:39:10+00:00 DEBUG Tt4b_Pixel_Class::inject_initiate_checkout_event: hit InitiateCheckout
2025-11-23T16:39:10+00:00 DEBUG Tt4b_Pixel_Class::inject_initiate_checkout_event: Missing option "access_token"
